// Jest Snapshot v1, https://goo.gl/fbAQLP

exports[`Pruebas en <AppRouter /> debe de mostrarse correctamente 1`] = `
<div>
  <nav
    className="navbar navbar-expand-sm navbar-dark bg-dark"
  >
    <Link
      className="navbar-brand"
      to="/"
    >
      <LinkAnchor
        className="navbar-brand"
        href="/"
        navigate={[Function]}
      >
        <a
          className="navbar-brand"
          href="/"
          onClick={[Function]}
        >
           useContext 
        </a>
      </LinkAnchor>
    </Link>
    <div
      className="collapse navbar-collapse"
      id="navbarNavAltMarkup"
    >
      <div
        className="navbar-nav"
      >
        <NavLink
          activeClassName="active"
          className="nav-item nav-link"
          exact={true}
          to="/"
        >
          <Link
            aria-current="page"
            className="nav-item nav-link active"
            style={Object {}}
            to={
              Object {
                "hash": "",
                "pathname": "/",
                "search": "",
                "state": null,
              }
            }
          >
            <LinkAnchor
              aria-current="page"
              className="nav-item nav-link active"
              href="/"
              navigate={[Function]}
              style={Object {}}
            >
              <a
                aria-current="page"
                className="nav-item nav-link active"
                href="/"
                onClick={[Function]}
                style={Object {}}
              >
                 Home 
              </a>
            </LinkAnchor>
          </Link>
        </NavLink>
        <NavLink
          activeClassName="active"
          className="nav-item nav-link"
          exact={true}
          to="/about"
        >
          <Link
            aria-current={null}
            className="nav-item nav-link"
            to={
              Object {
                "hash": "",
                "pathname": "/about",
                "search": "",
                "state": null,
              }
            }
          >
            <LinkAnchor
              aria-current={null}
              className="nav-item nav-link"
              href="/about"
              navigate={[Function]}
            >
              <a
                aria-current={null}
                className="nav-item nav-link"
                href="/about"
                onClick={[Function]}
              >
                 About 
              </a>
            </LinkAnchor>
          </Link>
        </NavLink>
        <NavLink
          activeClassName="active"
          className="nav-item nav-link"
          exact={true}
          to="/login"
        >
          <Link
            aria-current={null}
            className="nav-item nav-link"
            to={
              Object {
                "hash": "",
                "pathname": "/login",
                "search": "",
                "state": null,
              }
            }
          >
            <LinkAnchor
              aria-current={null}
              className="nav-item nav-link"
              href="/login"
              navigate={[Function]}
            >
              <a
                aria-current={null}
                className="nav-item nav-link"
                href="/login"
                onClick={[Function]}
              >
                 Login
              </a>
            </LinkAnchor>
          </Link>
        </NavLink>
      </div>
    </div>
  </nav>
  <div
    className="container"
  >
    <div>
      <h1>
        HomeScreen
      </h1>
      <hr />
      <pre>
        {
   "id": 1,
   "name": "Fernando"
}
      </pre>
    </div>
  </div>
</div>
`;
